one-interruption states mapped: 264626; violations so far: 0
re-run starts: 3065; second-interruption states mapped: 12563940; total violations: 0
observed outcomes per (path, eq-div, phase) vs permitted:
  ('blank', None, 'after4'): observed ['completed']
  ('blank', None, 'step23'): observed ['unmountable:TAPE_ERR_BAD_MAGIC'] | permitted but never observed ['unmountable:TAPE_ERR_BAD_MAGIC/TAPE_ERR_CRC']
  ('blank', None, 'step4_mirror'): observed ['completed', 'unmountable:TAPE_ERR_BAD_MAGIC', 'unmountable:TAPE_ERR_BAD_MAGIC/TAPE_ERR_CRC']
  ('blank', None, 'step4_primary'): observed ['completed']
  ('fallback', False, 'after4'): observed ['completed']
  ('fallback', False, 'step1_first'): observed ['unchanged']
  ('fallback', False, 'step1_last'): observed ['unchanged', 'unmountable:TAPE_ERR_BAD_MAGIC'] | permitted but never observed ['unmountable:TAPE_ERR_BAD_MAGIC/TAPE_ERR_CRC']
  ('fallback', False, 'step23'): observed ['unmountable:TAPE_ERR_BAD_MAGIC'] | permitted but never observed ['unmountable:TAPE_ERR_BAD_MAGIC/TAPE_ERR_CRC']
  ('fallback', False, 'step4_mirror'): observed ['completed', 'unmountable:TAPE_ERR_BAD_MAGIC', 'unmountable:TAPE_ERR_BAD_MAGIC/TAPE_ERR_CRC']
  ('fallback', False, 'step4_primary'): observed ['completed']
  ('fallback', True, 'after4'): observed ['completed']
  ('fallback', True, 'step1_first'): observed ['surviving_primary', 'unchanged']
  ('fallback', True, 'step1_last'): observed ['surviving_primary', 'unmountable:TAPE_ERR_BAD_MAGIC'] | permitted but never observed ['unmountable:TAPE_ERR_BAD_MAGIC/TAPE_ERR_CRC']
  ('fallback', True, 'step23'): observed ['unmountable:TAPE_ERR_BAD_MAGIC'] | permitted but never observed ['unmountable:TAPE_ERR_BAD_MAGIC/TAPE_ERR_CRC']
  ('fallback', True, 'step4_mirror'): observed ['completed', 'unmountable:TAPE_ERR_BAD_MAGIC', 'unmountable:TAPE_ERR_BAD_MAGIC/TAPE_ERR_CRC']
  ('fallback', True, 'step4_primary'): observed ['completed']
  ('residue', None, 'after4'): observed ['completed']
  ('residue', None, 'step1_first'): observed ['unmountable:TAPE_ERR_BAD_MAGIC', 'unmountable:TAPE_ERR_BAD_MAGIC/TAPE_ERR_CRC']
  ('residue', None, 'step1_last'): observed ['unmountable:TAPE_ERR_BAD_MAGIC', 'unmountable:TAPE_ERR_BAD_MAGIC/TAPE_ERR_CRC']
  ('residue', None, 'step23'): observed ['unmountable:TAPE_ERR_BAD_MAGIC'] | permitted but never observed ['unmountable:TAPE_ERR_BAD_MAGIC/TAPE_ERR_CRC']
  ('residue', None, 'step4_mirror'): observed ['completed', 'unmountable:TAPE_ERR_BAD_MAGIC', 'unmountable:TAPE_ERR_BAD_MAGIC/TAPE_ERR_CRC']
  ('residue', None, 'step4_primary'): observed ['completed']
  ('template', False, 'after4'): observed ['TAPE_ERR_INCOMPLETE', 'completed']
  ('template', False, 'step1_first'): observed ['TAPE_ERR_INCOMPLETE', 'unchanged']
  ('template', False, 'step1_last'): observed ['TAPE_ERR_INCOMPLETE']
  ('template', False, 'step23'): observed ['TAPE_ERR_INCOMPLETE']
  ('template', False, 'step4_mirror'): observed ['TAPE_ERR_INCOMPLETE']
  ('template', False, 'step4_primary'): observed ['TAPE_ERR_INCOMPLETE', 'completed']
  ('template', True, 'after4'): observed ['TAPE_ERR_INCOMPLETE', 'completed']
  ('template', True, 'step1_first'): observed ['TAPE_ERR_INCOMPLETE', 'surviving_primary', 'unchanged']
  ('template', True, 'step1_last'): observed ['TAPE_ERR_INCOMPLETE']
  ('template', True, 'step23'): observed ['TAPE_ERR_INCOMPLETE']
  ('template', True, 'step4_mirror'): observed ['TAPE_ERR_INCOMPLETE']
  ('template', True, 'step4_primary'): observed ['TAPE_ERR_INCOMPLETE', 'completed']
